// Jest Snapshot v1, https://goo.gl/fbAQLP

exports[`The ContentAggregation stack matches the snapshot 1`] = `
{
  "Metadata": {
    "gu:cdk:constructs": [
      "GuStringParameter",
      "GuStringParameter",
      "GuDistributionBucketParameter",
      "GuLambdaFunction",
    ],
    "gu:cdk:version": "TEST",
  },
  "Parameters": {
    "DistributionBucketName": {
      "Default": "/account/services/artifact.bucket",
      "Description": "SSM parameter containing the S3 bucket name holding distribution artifacts",
      "Type": "AWS::SSM::Parameter::Value<String>",
    },
    "apikeyparam": {
      "Default": "/TEST/flexible/content-aggregation/content-api-key",
      "Type": "AWS::SSM::Parameter::Value<String>",
    },
    "pagesize": {
      "Default": "/TEST/flexible/content-aggregation/page-size",
      "Type": "AWS::SSM::Parameter::Value<String>",
    },
  },
  "Resources": {
    "Connection89AD5CF5": {
      "DeletionPolicy": "Delete",
      "Properties": {
        "RedrivePolicy": {
          "deadLetterTargetArn": {
            "Fn::GetAtt": [
              "DLQ581697C4",
              "Arn",
            ],
          },
          "maxReceiveCount": 1,
        },
        "Tags": [
          {
            "Key": "gu:cdk:version",
            "Value": "TEST",
          },
          {
            "Key": "gu:repo",
            "Value": "guardian/content-aggregation",
          },
          {
            "Key": "Stack",
            "Value": "flexible",
          },
          {
            "Key": "Stage",
            "Value": "TEST",
          },
        ],
      },
      "Type": "AWS::SQS::Queue",
      "UpdateReplacePolicy": "Delete",
    },
    "ConnectionContentAggregationtagaggregationtopic1D39E3E583B82066": {
      "DependsOn": [
        "ConnectionPolicyCCB96DD5",
      ],
      "Properties": {
        "Endpoint": {
          "Fn::GetAtt": [
            "Connection89AD5CF5",
            "Arn",
          ],
        },
        "Protocol": "sqs",
        "TopicArn": {
          "Ref": "tagaggregationtopicF9E62E4D",
        },
      },
      "Type": "AWS::SNS::Subscription",
    },
    "ConnectionPolicyCCB96DD5": {
      "Properties": {
        "PolicyDocument": {
          "Statement": [
            {
              "Action": "sqs:*",
              "Condition": {
                "Bool": {
                  "aws:SecureTransport": "false",
                },
              },
              "Effect": "Deny",
              "Principal": {
                "AWS": "*",
              },
              "Resource": {
                "Fn::GetAtt": [
                  "Connection89AD5CF5",
                  "Arn",
                ],
              },
            },
            {
              "Action": "sqs:SendMessage",
              "Condition": {
                "ArnEquals": {
                  "aws:SourceArn": {
                    "Ref": "tagaggregationtopicF9E62E4D",
                  },
                },
              },
              "Effect": "Allow",
              "Principal": {
                "Service": "sns.amazonaws.com",
              },
              "Resource": {
                "Fn::GetAtt": [
                  "Connection89AD5CF5",
                  "Arn",
                ],
              },
            },
          ],
          "Version": "2012-10-17",
        },
        "Queues": [
          {
            "Ref": "Connection89AD5CF5",
          },
        ],
      },
      "Type": "AWS::SQS::QueuePolicy",
    },
    "DLQ581697C4": {
      "DeletionPolicy": "Delete",
      "Properties": {
        "Tags": [
          {
            "Key": "gu:cdk:version",
            "Value": "TEST",
          },
          {
            "Key": "gu:repo",
            "Value": "guardian/content-aggregation",
          },
          {
            "Key": "Stack",
            "Value": "flexible",
          },
          {
            "Key": "Stage",
            "Value": "TEST",
          },
        ],
      },
      "Type": "AWS::SQS::Queue",
      "UpdateReplacePolicy": "Delete",
    },
    "contentaggregationlambda162D5E2E": {
      "DependsOn": [
        "contentaggregationlambdaServiceRoleDefaultPolicy65D952F8",
        "contentaggregationlambdaServiceRoleBB07E2C1",
      ],
      "Properties": {
        "Code": {
          "S3Bucket": {
            "Ref": "DistributionBucketName",
          },
          "S3Key": "flexible/TEST/content-aggregation/content-aggregation.zip",
        },
        "Environment": {
          "Variables": {
            "API_KEY": {
              "Ref": "apikeyparam",
            },
            "API_URL": "http://content.code.dev-guardianapis.com",
            "APP": "content-aggregation",
            "PAGE_SIZE": {
              "Ref": "pagesize",
            },
            "SNS_TOPIC_ARN": {
              "Ref": "tagaggregationtopicF9E62E4D",
            },
            "STACK": "flexible",
            "STAGE": "TEST",
          },
        },
        "FunctionName": "content-aggregation-TEST",
        "Handler": "index.handler",
        "LoggingConfig": {
          "LogFormat": "JSON",
        },
        "MemorySize": 512,
        "Role": {
          "Fn::GetAtt": [
            "contentaggregationlambdaServiceRoleBB07E2C1",
            "Arn",
          ],
        },
        "Runtime": "nodejs22.x",
        "Tags": [
          {
            "Key": "App",
            "Value": "content-aggregation",
          },
          {
            "Key": "gu:cdk:version",
            "Value": "TEST",
          },
          {
            "Key": "gu:repo",
            "Value": "guardian/content-aggregation",
          },
          {
            "Key": "Stack",
            "Value": "flexible",
          },
          {
            "Key": "Stage",
            "Value": "TEST",
          },
        ],
        "Timeout": 30,
      },
      "Type": "AWS::Lambda::Function",
    },
    "contentaggregationlambdaServiceRoleBB07E2C1": {
      "Properties": {
        "AssumeRolePolicyDocument": {
          "Statement": [
            {
              "Action": "sts:AssumeRole",
              "Effect": "Allow",
              "Principal": {
                "Service": "lambda.amazonaws.com",
              },
            },
          ],
          "Version": "2012-10-17",
        },
        "ManagedPolicyArns": [
          {
            "Fn::Join": [
              "",
              [
                "arn:",
                {
                  "Ref": "AWS::Partition",
                },
                ":iam::aws:policy/service-role/AWSLambdaBasicExecutionRole",
              ],
            ],
          },
        ],
        "Tags": [
          {
            "Key": "App",
            "Value": "content-aggregation",
          },
          {
            "Key": "gu:cdk:version",
            "Value": "TEST",
          },
          {
            "Key": "gu:repo",
            "Value": "guardian/content-aggregation",
          },
          {
            "Key": "Stack",
            "Value": "flexible",
          },
          {
            "Key": "Stage",
            "Value": "TEST",
          },
        ],
      },
      "Type": "AWS::IAM::Role",
    },
    "contentaggregationlambdaServiceRoleDefaultPolicy65D952F8": {
      "Properties": {
        "PolicyDocument": {
          "Statement": [
            {
              "Action": "sns:Publish",
              "Effect": "Allow",
              "Resource": {
                "Ref": "tagaggregationtopicF9E62E4D",
              },
            },
            {
              "Action": [
                "s3:GetObject*",
                "s3:GetBucket*",
                "s3:List*",
              ],
              "Effect": "Allow",
              "Resource": [
                {
                  "Fn::Join": [
                    "",
                    [
                      "arn:",
                      {
                        "Ref": "AWS::Partition",
                      },
                      ":s3:::",
                      {
                        "Ref": "DistributionBucketName",
                      },
                    ],
                  ],
                },
                {
                  "Fn::Join": [
                    "",
                    [
                      "arn:",
                      {
                        "Ref": "AWS::Partition",
                      },
                      ":s3:::",
                      {
                        "Ref": "DistributionBucketName",
                      },
                      "/flexible/TEST/content-aggregation/content-aggregation.zip",
                    ],
                  ],
                },
              ],
            },
            {
              "Action": "ssm:GetParametersByPath",
              "Effect": "Allow",
              "Resource": {
                "Fn::Join": [
                  "",
                  [
                    "arn:aws:ssm:",
                    {
                      "Ref": "AWS::Region",
                    },
                    ":",
                    {
                      "Ref": "AWS::AccountId",
                    },
                    ":parameter/TEST/flexible/content-aggregation",
                  ],
                ],
              },
            },
            {
              "Action": [
                "ssm:GetParameters",
                "ssm:GetParameter",
              ],
              "Effect": "Allow",
              "Resource": {
                "Fn::Join": [
                  "",
                  [
                    "arn:aws:ssm:",
                    {
                      "Ref": "AWS::Region",
                    },
                    ":",
                    {
                      "Ref": "AWS::AccountId",
                    },
                    ":parameter/TEST/flexible/content-aggregation/*",
                  ],
                ],
              },
            },
          ],
          "Version": "2012-10-17",
        },
        "PolicyName": "contentaggregationlambdaServiceRoleDefaultPolicy65D952F8",
        "Roles": [
          {
            "Ref": "contentaggregationlambdaServiceRoleBB07E2C1",
          },
        ],
      },
      "Type": "AWS::IAM::Policy",
    },
    "tagaggregationtopicF9E62E4D": {
      "Properties": {
        "Tags": [
          {
            "Key": "gu:cdk:version",
            "Value": "TEST",
          },
          {
            "Key": "gu:repo",
            "Value": "guardian/content-aggregation",
          },
          {
            "Key": "Stack",
            "Value": "flexible",
          },
          {
            "Key": "Stage",
            "Value": "TEST",
          },
        ],
        "TopicName": "tag-aggregations",
      },
      "Type": "AWS::SNS::Topic",
    },
  },
}
`;
